../Core/Src/main.c:165:6:SystemClock_Config	96	static,ignoring_inline_asm
../Core/Src/main.c:109:5:main	56	static,ignoring_inline_asm
../Core/Src/main.c:493:6:HAL_TIM_PeriodElapsedCallback	16	static
../Core/Src/main.c:518:6:updateMaxMin	20	static
../Core/Src/main.c:545:6:peakFinder	24	static
../Core/Src/main.c:571:7:ratioToBloodOx	0	static
../Core/Src/main.c:563:6:calculateBloodOx	8	static
../Core/Src/main.c:583:6:transmitData	40	static
../Core/Src/main.c:465:6:HAL_ADC_ConvCpltCallback	8	static
../Core/Src/main.c:607:11:map	0	static
../Core/Src/main.c:611:5:subtractArray	0	static
../Core/Src/main.c:621:6:Error_Handler	0	static,ignoring_inline_asm
