../Core/Src/main.c:109:5:main	8	static
../Core/Src/main.c:166:6:SystemClock_Config	88	static
../Core/Src/main.c:214:13:MX_ADC1_Init	24	static
../Core/Src/main.c:263:13:MX_TIM1_Init	32	static
../Core/Src/main.c:306:13:MX_TIM2_Init	32	static
../Core/Src/main.c:348:13:MX_USART2_UART_Init	8	static
../Core/Src/main.c:378:13:MX_GPIO_Init	48	static
../Core/Src/main.c:421:6:HAL_ADC_ConvCpltCallback	16	static
../Core/Src/main.c:490:6:updateMaxMin	24	static
../Core/Src/main.c:517:6:peakFinder	8	static
../Core/Src/main.c:535:6:calculateBloodOx	16	static
../Core/Src/main.c:543:7:ratioToBloodOx	16	static
../Core/Src/main.c:555:6:transmitData	32	static
../Core/Src/main.c:583:11:map	32	static
../Core/Src/main.c:587:5:subtractArray	24	static
../Core/Src/main.c:597:6:Error_Handler	4	static,ignoring_inline_asm
